[2026-09-27 18:16] Execing q2l_ctl.cfg
[2026-09-27 18:16] POS
[2026-09-27 18:16] ACK 2
[2026-09-27 18:16] Execing q2l_ctl.cfg
[2026-09-27 18:16] POS
[2026-09-27 18:16] Execing q2l_ctl.cfg
[2026-09-27 18:16] POS
[2026-09-27 18:16] Execing q2l_ctl.cfg
[2026-09-27 18:16] POS
[2026-09-27 18:16] Execing q2l_ctl.cfg
[2026-09-27 18:16] POS
[2026-09-27 18:16] Execing q2l_ctl.cfg
[2026-09-27 18:16] POS
[2026-09-27 18:16] Not playing a demo.
[2026-09-27 18:16] ACK 3
[2026-09-27 18:16] Execing q2l_ctl.cfg
[2026-09-27 18:16] POS
[2026-09-27 18:22] Execing q2l_ctl.cfg
[2026-09-27 18:22] POS
[2026-09-27 18:22] Execing q2l_ctl.cfg
[2026-09-27 18:22] POS
[2026-09-27 18:22] ACK 3
[2026-09-27 18:22] Execing q2l_ctl.cfg
[2026-09-27 18:22] POS
[2026-09-27 18:22] ACK 3
[2026-09-27 18:22] Execing q2l_ctl.cfg
[2026-09-27 18:22] POS
[2026-09-27 18:22] Demo finished
[2026-09-27 18:22] ACK 3
[2026-09-27 18:22] Execing q2l_ctl.cfg
[2026-09-27 18:22] POS
[2026-09-27 18:22] Not playing a demo.
[2026-09-27 18:22] ACK 3
[2026-09-27 18:22] Execing q2l_ctl.cfg
[2026-09-27 18:22] POS
[2026-09-27 18:36] POS 5:06.4
[2026-09-27 18:36] Execing q2l_ctl.cfg
[2026-09-27 18:36] POS 5:06.5
[2026-09-27 18:36] ACK 7
[2026-09-27 18:36] [MVD] Chasing lamb shanker.
[2026-09-27 18:36] Execing q2l_ctl.cfg
[2026-09-27 18:36] POS 5:06.6
[2026-09-27 18:36] Execing q2l_ctl.cfg
[2026-09-27 18:36] Execing q2l_ctl.cfg
[2026-09-27 18:36] POS 1:11.9
[2026-09-27 18:36] Execing q2l_ctl.cfg
[2026-09-27 18:36] POS 1:11.9
[2026-09-27 18:36] Execing q2l_ctl.cfg
[2026-09-27 18:36] POS 1:12.0
[2026-09-27 18:36] Execing q2l_ctl.cfg
[2026-09-27 18:36] POS 1:12.1
[2026-09-27 18:36] Execing q2l_ctl.cfg
[2026-09-27 18:36] POS 1:12.2
[2026-09-27 18:36] Execing q2l_ctl.cfg
[2026-09-27 18:36] POS 1:12.3
[2026-09-27 18:36] Execing q2l_ctl.cfg
[2026-09-27 18:36] POS 1:12.4
[2026-09-27 18:36] Execing q2l_ctl.cfg
[2026-09-27 18:36] POS 1:12.4
[2026-09-27 18:36] Execing q2l_ctl.cfg
[2026-09-27 18:36] POS 1:12.5
[2026-09-27 18:36] Execing q2l_ctl.cfg
[2026-09-27 18:36] POS 1